// Jest Snapshot v1, https://goo.gl/fbAQLP

exports[`lib nested should create a local tsconfig.json 1`] = `
{
  "compilerOptions": {
    "allowJs": true,
    "allowSyntheticDefaultImports": true,
    "esModuleInterop": false,
    "jsx": "preserve",
    "jsxImportSource": "vue",
    "moduleResolution": "bundler",
    "resolveJsonModule": true,
    "strict": true,
    "verbatimModuleSyntax": true,
  },
  "extends": "../../tsconfig.base.json",
  "files": [],
  "include": [],
  "references": [
    {
      "path": "./tsconfig.lib.json",
    },
    {
      "path": "./tsconfig.spec.json",
    },
  ],
}
`;

exports[`lib should add correct jest.config.ts and dependencies to package.json 1`] = `
{
  "dependencies": {
    "tslib": "^2.3.0",
    "vue": "^3.3.4",
    "vue-tsc": "^1.8.8",
  },
  "devDependencies": {
    "@nx/cypress": "0.0.1",
    "@nx/eslint-plugin": "0.0.1",
    "@nx/jest": "0.0.1",
    "@nx/js": "0.0.1",
    "@nx/linter": "0.0.1",
    "@nx/rollup": "0.0.1",
    "@nx/vite": "0.0.1",
    "@nx/vue": "0.0.1",
    "@types/jest": "^29.4.0",
    "@types/node": "16.11.7",
    "@typescript-eslint/eslint-plugin": "^5.60.1",
    "@typescript-eslint/parser": "^5.60.1",
    "@vitejs/plugin-vue": "^4.3.1",
    "@vue/eslint-config-prettier": "^8.0.0",
    "@vue/eslint-config-typescript": "^11.0.3",
    "@vue/test-utils": "^2.4.1",
    "@vue/tsconfig": "^0.4.0",
    "@vue/vue3-jest": "^29.2.6",
    "babel-jest": "^29.4.1",
    "eslint": "~8.46.0",
    "eslint-config-prettier": "8.1.0",
    "eslint-plugin-vue": "^9.16.1",
    "jest": "^29.4.1",
    "jest-environment-jsdom": "^29.4.1",
    "prettier": "^2.6.2",
    "ts-jest": "^29.1.0",
    "ts-node": "10.9.1",
    "typescript": "~5.1.3",
  },
  "name": "test-name",
}
`;

exports[`lib should add correct jest.config.ts and dependencies to package.json 2`] = `
{
  "ignorePatterns": [
    "**/*",
  ],
  "overrides": [
    {
      "files": [
        "*.ts",
        "*.tsx",
        "*.js",
        "*.jsx",
        "*.vue",
      ],
      "rules": {
        "@nx/enforce-module-boundaries": [
          "error",
          {
            "allow": [],
            "depConstraints": [
              {
                "onlyDependOnLibsWithTags": [
                  "*",
                ],
                "sourceTag": "*",
              },
            ],
            "enforceBuildableLibDependency": true,
          },
        ],
      },
    },
    {
      "extends": [
        "plugin:@nx/typescript",
      ],
      "files": [
        "*.ts",
        "*.tsx",
      ],
      "rules": {},
    },
    {
      "extends": [
        "plugin:@nx/javascript",
      ],
      "files": [
        "*.js",
        "*.jsx",
      ],
      "rules": {},
    },
    {
      "env": {
        "jest": true,
      },
      "files": [
        "*.spec.ts",
        "*.spec.tsx",
        "*.spec.js",
        "*.spec.jsx",
      ],
      "rules": {},
    },
  ],
  "plugins": [
    "@nx",
  ],
  "root": true,
}
`;

exports[`lib should add correct jest.config.ts and dependencies to package.json 3`] = `
"/* eslint-disable */
export default {
  displayName: 'my-lib',
  preset: '../jest.preset.js',

  coverageDirectory: '../coverage/my-lib',
  moduleFileExtensions: ['js', 'ts', 'json', 'vue'],
  transform: {
    '^.+.[tj]sx?$': ['babel-jest'],
    '^.+.vue$': [
      '@vue/vue3-jest',
      {
        tsConfig: './tsconfig.spec.json',
      },
    ],
  },
  testEnvironment: 'jsdom',
  testMatch: ['**/__tests__/**/*.spec.ts?(x)', '**/__tests__/*.ts?(x)'],
};
"
`;

exports[`lib should add correct jest.config.ts and dependencies to package.json 4`] = `
"{
  "presets": ["@nx/js/babel"]
}
"
`;

exports[`lib should add vite types to tsconfigs and generate correct vite.config.ts file 1`] = `
"import vue from '@vitejs/plugin-vue';
import { defineConfig } from 'vite';
import dts from 'vite-plugin-dts';
import * as path from 'path';
import { nxViteTsPaths } from '@nx/vite/plugins/nx-tsconfig-paths.plugin';

export default defineConfig({
  cacheDir: '../node_modules/.vite/my-lib',

  plugins: [
    nxViteTsPaths(),
    dts({
      entryRoot: 'src',
      tsConfigFilePath: path.join(__dirname, 'tsconfig.lib.json'),
      skipDiagnostics: true,
    }),
    vue(),
  ],

  // Uncomment this if you are using workers.
  // worker: {
  //  plugins: [ nxViteTsPaths() ],
  // },

  // Configuration for building your library.
  // See: https://vitejs.dev/guide/build.html#library-mode
  build: {
    entry: 'src/index.ts',
    name: 'my-lib',
    fileName: 'index',
    formats: ['es', 'cjs'],
    external: [],
    lib: {
      entry: 'src/index.ts',
      name: 'my-lib',
      fileName: 'index',
      formats: ['es', 'cjs'],
    },
    rollupOptions: { external: [] },
  },

  test: {
    globals: true,
    cache: { dir: '../node_modules/.vitest' },
    environment: 'jsdom',
    include: ['src/**/*.{test,spec}.{js,mjs,cjs,ts,mts,cts,jsx,tsx}'],
  },
});
"
`;

exports[`lib should add vue, vite and vitest to package.json 1`] = `
{
  "dependencies": {
    "vue": "^3.3.4",
    "vue-tsc": "^1.8.8",
  },
  "devDependencies": {
    "@nx/cypress": "0.0.1",
    "@nx/eslint-plugin": "0.0.1",
    "@nx/js": "0.0.1",
    "@nx/linter": "0.0.1",
    "@nx/rollup": "0.0.1",
    "@nx/vite": "0.0.1",
    "@nx/vue": "0.0.1",
    "@typescript-eslint/eslint-plugin": "^5.60.1",
    "@typescript-eslint/parser": "^5.60.1",
    "@vitejs/plugin-vue": "^4.3.1",
    "@vitest/coverage-c8": "~0.32.0",
    "@vitest/ui": "~0.32.0",
    "@vue/eslint-config-prettier": "^8.0.0",
    "@vue/eslint-config-typescript": "^11.0.3",
    "@vue/test-utils": "^2.4.1",
    "@vue/tsconfig": "^0.4.0",
    "eslint": "~8.46.0",
    "eslint-config-prettier": "8.1.0",
    "eslint-plugin-vue": "^9.16.1",
    "jsdom": "~22.1.0",
    "prettier": "^2.6.2",
    "typescript": "~5.1.3",
    "vite": "~4.3.9",
    "vitest": "~0.32.0",
  },
  "name": "test-name",
}
`;

exports[`lib should generate files 1`] = `
{
  "extends": [
    "plugin:vue/vue3-essential",
    "eslint:recommended",
    "@vue/eslint-config-typescript",
    "@vue/eslint-config-prettier/skip-formatting",
    "../.eslintrc.json",
  ],
  "ignorePatterns": [
    "!**/*",
  ],
  "overrides": [
    {
      "files": [
        "*.ts",
        "*.tsx",
        "*.js",
        "*.jsx",
        "*.vue",
      ],
      "rules": {},
    },
  ],
}
`;

exports[`lib should ignore test files in tsconfig.lib.json 1`] = `
[
  "src/**/__tests__/*",
  "src/**/*.spec.ts",
  "src/**/*.test.ts",
  "src/**/*.spec.tsx",
  "src/**/*.test.tsx",
  "src/**/*.spec.js",
  "src/**/*.test.js",
  "src/**/*.spec.jsx",
  "src/**/*.test.jsx",
]
`;
